// Jest Snapshot v1, https://goo.gl/fbAQLP

exports[`Input 1`] = `
<input
  onChange={[Function]}
  value=""
/>
`;

exports[`Textarea 1`] = `
<textarea
  onChange={[Function]}
  value=""
/>
`;
